---
source: src/exercises/day10.rs
assertion_line: 155
expression: screen
---
[
    [
        true,
        true,
        false,
        false,
        true,
        true,
        false,
        false,
        true,
        true,
        false,
        false,
        true,
        true,
        false,
        false,
        true,
        true,
        false,
        false,
        true,
        true,
        false,
        false,
        true,
        true,
        false,
        false,
        true,
        true,
        false,
        false,
        true,
        true,
        false,
        false,
        true,
        true,
        false,
        false,
    ],
    [
        true,
        true,
        true,
        false,
        false,
        false,
        true,
        true,
        true,
        false,
        false,
        false,
        true,
        true,
        true,
        false,
        false,
        false,
        true,
        true,
        true,
        false,
        false,
        false,
        true,
        true,
        true,
        false,
        false,
        false,
        true,
        true,
        true,
        false,
        false,
        false,
        true,
        true,
        true,
        false,
    ],
    [
        true,
        true,
        true,
        true,
        false,
        false,
        false,
        false,
        true,
        true,
        true,
        true,
        false,
        false,
        false,
        false,
        true,
        true,
        true,
        true,
        false,
        false,
        false,
        false,
        true,
        true,
        true,
        true,
        false,
        false,
        false,
        false,
        true,
        true,
        true,
        true,
        false,
        false,
        false,
        false,
    ],
    [
        true,
        true,
        true,
        true,
        true,
        false,
        false,
        false,
        false,
        false,
        true,
        true,
        true,
        true,
        true,
        false,
        false,
        false,
        false,
        false,
        true,
        true,
        true,
        true,
        true,
        false,
        false,
        false,
        false,
        false,
        true,
        true,
        true,
        true,
        true,
        false,
        false,
        false,
        false,
        false,
    ],
    [
        true,
        true,
        true,
        true,
        true,
        true,
        false,
        false,
        false,
        false,
        false,
        false,
        true,
        true,
        true,
        true,
        true,
        true,
        false,
        false,
        false,
        false,
        false,
        false,
        true,
        true,
        true,
        true,
        true,
        true,
        false,
        false,
        false,
        false,
        false,
        false,
        true,
        true,
        true,
        true,
    ],
    [
        true,
        true,
        true,
        true,
        true,
        true,
        true,
        false,
        false,
        false,
        false,
        false,
        false,
        false,
        true,
        true,
        true,
        true,
        true,
        true,
        true,
        false,
        false,
        false,
        false,
        false,
        false,
        false,
        true,
        true,
        true,
        true,
        true,
        true,
        true,
        false,
        false,
        false,
        false,
        false,
    ],
]
