---
source: src/exercises/day5.rs
assertion_line: 201
expression: result
---
[
    'M',
    'C',
    'D',
]
