---
source: src/parser.rs
expression: data
---
[
    "1",
    "",
    "2",
    "3",
    "4",
    "",
    "5",
    "6",
]
