---
source: src/parser.rs
expression: data
---
[
    "1",
    "23",
    "456",
    "6789",
]
