---
source: src/parser.rs
expression: result
---
[
    1,
    2,
]
