---
source: src/parser.rs
expression: "vec![first, second]"
---
[
    [
        "1",
    ],
    [
        "",
        "2",
        "3",
    ],
]
